[acktemp.com/index.html]
[backblue.gif]
[fade.gif]
[index.html]
[acktemp.com/favicon.ico]
[acktemp.com/css/bootstrap.css]
[acktemp.com/css/justified-nav.css]
[acktemp.com/js/ie-emulation-modes-warning.js]
[acktemp.com/css/styles.css]
[acktemp.com/img/logo-sm.png]
[acktemp.com/tuneups.html]
[acktemp.com/manufacturers.html]
[acktemp.com/24-hour-service.html]
[acktemp.com/preventative-maintenance.html]
[acktemp.com/humidifiers.html]
[acktemp.com/commercial.html]
[acktemp.com/commercial-hvac.html]
[acktemp.com/mechanical-demolition.html]
[acktemp.com/refrigeration.html]
[acktemp.com/welding.html]
[acktemp.com/dehumidification.html]
[acktemp.com/plumbing.html]
[acktemp.com/piping.html]
[acktemp.com/residentall-hvac.html]
[acktemp.com/remodel.html]
[acktemp.com/repair.html]
[acktemp.com/promotions.html]
[acktemp.com/faq.html]
[acktemp.com/company.html]
[acktemp.com/community.html]
[acktemp.com/comments.html]
[acktemp.com/location.html]
[acktemp.com/employment.html]
[acktemp.com/contact.html]
[acktemp.com/survey.html]
[acktemp.com/appointment.html]
[acktemp.com/img/slide-0.png]
[acktemp.com/img/slide-1.jpg]
[acktemp.com/img/slide-2.jpg]
[acktemp.com/img/slide-3.jpg]
[acktemp.com/img/btn-go.png]
[acktemp.com/img/panel-img-sm-quote.jpg]
[acktemp.com/quotes-and-estimates.html]
[acktemp.com/img/panel-img-sm-hvac.jpg]
[acktemp.com/img/logo-bizazz.png]
[acktemp.com/js/ie10-viewport-bug-workaround.js]
[ajax.googleapis.com/ajax/libs/jquery/1.11.3/jquery.min.js]
[acktemp.com/index.html]
[acktemp.com/fonts/glyphicons-halflings-regular.eot]
[maxcdn.bootstrapcdn.com/bootstrap/3.3.5/js/bootstrap.min.js]
[acktemp.com/fonts/glyphicons-halflings-regulard41d.eot]
[acktemp.com/fonts/glyphicons-halflings-regular.woff2]
[acktemp.com/fonts/glyphicons-halflings-regular.woff]
[acktemp.com/css/bootstrap.css]
[acktemp.com/css/justified-nav.css]
[acktemp.com/img/bkgnd-clouds.jpg]
[acktemp.com/css/styles.css]
[acktemp.com/img/icon-tuneup.png]
[acktemp.com/img/before_after.jpg]
[acktemp.com/tuneups.html]
[acktemp.com/img/icon-manufacturers.png]
[acktemp.com/logos/carrier.jpg]
[acktemp.com/logos/trane.jpg]
[acktemp.com/logos/goodman.jpg]
[acktemp.com/logos/copeland.jpg]
[acktemp.com/logos/rheem.jpg]
[acktemp.com/logos/mquay.jpg]
[acktemp.com/logos/honeywell.jpg]
[acktemp.com/logos/tecumseh.jpg]
[acktemp.com/logos/ecobee.jpg]
[acktemp.com/logos/white-rodgers.jpg]
[acktemp.com/logos/perlick.jpg]
[acktemp.com/logos/mcall.jpg]
[acktemp.com/logos/norlake.jpg]
[acktemp.com/logos/russell.jpg]
[acktemp.com/logos/silverking.jpg]
[acktemp.com/logos/tecumsehcool.jpg]
[acktemp.com/logos/delfield.jpg]
[acktemp.com/logos/beverage.jpg]
[acktemp.com/logos/subzero.jpg]
[acktemp.com/logos/hobart.jpg]
[acktemp.com/logos/true.jpg]
[acktemp.com/logos/traulsen.jpg]
[acktemp.com/logos/randell.jpg]
[acktemp.com/logos/kohler.png]
[acktemp.com/logos/chicagofaucets.gif]
[acktemp.com/logos/aosmith.png]
[acktemp.com/logos/americanstandard.png]
[acktemp.com/logos/htp.gif]
[acktemp.com/logos/moen.png]
[acktemp.com/logos/grohe.gif]
[acktemp.com/manufacturers.html]
[acktemp.com/FlipClock-master/FlipClock-master/compiled/flipclock.css]
[ajax.googleapis.com/ajax/libs/jquery/1.10.2/jquery.min.js]
[acktemp.com/img/icon-24hours.png]
[acktemp.com/24-hour-service.html]
[acktemp.com/img/Maintenance-Man.png]
[acktemp.com/flipclock.js]
[acktemp.com/preventative-maintenance.html]
[acktemp.com/img/icon-humidifier.png]
[acktemp.com/img/humidity.png]
[acktemp.com/humidifiers.html]
[acktemp.com/img/icon-commercial.png]
[acktemp.com/img/img-install.jpg]
[acktemp.com/commercial.html]
[acktemp.com/img/icon-hvac.png]
[acktemp.com/img/comm-hvac.jpg]
[acktemp.com/commercial-hvac.html]
[acktemp.com/img/demolition-cover.jpg]
[acktemp.com/mechanical-demolition.html]
[acktemp.com/img/refrigeration-cover.jpg]
[acktemp.com/refrigeration.html]
[acktemp.com/img/dehumidification-cover.jpg]
[acktemp.com/dehumidification.html]
[acktemp.com/img/welding-cover.jpg]
[acktemp.com/welding.html]
[acktemp.com/img/plumbing-cover.jpg]
[acktemp.com/plumbing.html]
[acktemp.com/img/piping-cover.jpg]
[acktemp.com/piping.html]
[acktemp.com/residentall-hvac.html]
[acktemp.com/img/resid-hvac.jpg]
[acktemp.com/remodel.html]
[acktemp.com/repair.html]
[acktemp.com/img/icon-rebate.png]
[acktemp.com/promotions.html]
[acktemp.com/img/icon-faq.png]
[acktemp.com/faq.html]
[acktemp.com/company.html]
[acktemp.com/img/icon-community.png]
[acktemp.com/img/logo-lions.png]
[acktemp.com/community.html]
[acktemp.com/img/icon-comments.png]
[acktemp.com/comments.html]
[acktemp.com/img/icon-location.png]
[acktemp.com/location.html]
[acktemp.com/img/icon-jobs.png]
[acktemp.com/thanks.html]
[acktemp.com/employment.html]
[acktemp.com/contact.html]
[acktemp.com/img/icon-message.png]
[www.demandforce.com/widget/css/widget.css]
[acktemp.com/survey.html]
[acktemp.com/appointment.html]
[acktemp.com/img/slide-0.png]
[acktemp.com/img/panel-img-customerservice.jpg]
[acktemp.com/quote.html]
[acktemp.com/img/inspect.jpg]
[acktemp.com/estimate.html]
[acktemp.com/quotes-and-estimates.html]
[acktemp.com/fonts/glyphicons-halflings-regular.svg]
[acktemp.com/FlipClock-master/FlipClock-master/compiled/flipclock.css]
[acktemp.com/thanks.html]
[www.demandforce.com/widget/css/widget.css]
[www.demandforced3.com/b/css/1.0/images/bttn_easyscheduler468.html]
[acktemp.com/quote.html]
[acktemp.com/estimate.html]
[www.demandforce.com/widget/css/images/d3cp_featured_bg.html]
[www.demandforce.com/widget/css/images/d3cp_button_request_mid.html]
[www.demandforce.com/widget/css/images/d3cp_itemized_box_top.html]
[www.demandforce.com/widget/css/images/d3cp_itemized_box_middle.html]
[www.demandforce.com/widget/css/images/d3cp_itemized_box_bottom.html]
[www.demandforce.com/widget/css/images/d3cp_barchart_dark.html]
[www.demandforce.com/widget/css/images/d3cp_barchart_high.html]
[www.demandforce.com/widget/css/images/d3cp_pink_bg.html]
[www.demandforce.com/widget/css/images/d3cp_top10_icon.html]
[www.demandforce.com/widget/css/images/d3cp_review_certified.html]
[www.demandforce.com/widget/css/images/d3cp_review_default.html]
[www.demandforce.com/widget/css/images/d3cp_review_female.html]
[www.demandforce.com/widget/css/images/d3cp_review_male.html]
[www.demandforce.com/widget/css/images/d3cp_button_viewreviews_mid.html]
[www.demandforce.com/widget/css/images/d3cp_button_reviewus_mid.html]
[www.demandforce.com/widget/css/images/d3cp_review_order_bg.html]
[www.demandforce.com/widget/css/images/d3cp_sort_desc_high.html]
[www.demandforce.com/widget/css/images/d3cp_sort_asc.html]
[www.demandforce.com/widget/css/images/d3cp_sort_desc.html]
[www.demandforce.com/widget/css/images/d3cp_sort_asc_high.html]
[www.demandforce.com/widget/css/images/d3cp_corner_white_6.html]
[www.demandforce.com/widget/css/images/d3cp_review_certified_big.html]
[www.demandforce.com/widget/css/images/d3cp_stars_3v_14_16.html]
[www.demandforce.com/widget/css/images/d3cp_stars_3v_24_26.html]
[www.demandforce.com/widget/css/images/d3cp_mark_red.html]
[www.demandforce.com/widget/css/images/button_refer_a_friend_1.html]
[www.demandforce.com/widget/css/images/button_review_us_googlePlus.html]
[www.demandforce.com/widget/css/images/d3cp_calendar.html]
[www.demandforce.com/widget/css/images/d3cp_button_submit_mid.html]
[www.demandforce.com/widget/css/images/d3cp_button_delete_mid.html]
[www.demandforce.com/widget/css/images/d3cp_button_next_mid.html]
[www.demandforce.com/widget/css/images/d3cp_button_preview_mid.html]
[www.demandforce.com/widget/css/images/d3cp_button_unsubscribe_mid.html]
[www.demandforce.com/widget/css/images/d3cp_seal.html]
[www.demandforce.com/widget/css/images/d3cp_button_reviewus_long.html]
[www.demandforce.com/widget/css/images/d3cp_button_workhere.html]
[www.demandforce.com/widget/css/images/d3cp_button_derection_long.html]
[www.demandforce.com/widget/css/images/d3cp_button_addtocal_long.html]
[www.demandforce.com/widget/css/images/d3cp_button_cx_send_180_131.html]
[www.demandforce.com/widget/css/images/d3cp_button_skiptosurvey.html]
[www.demandforce.com/widget/css/images/d3cp_bg_survey_blue.html]
[www.demandforce.com/widget/css/images/js-cal-img/drop-down.html]
[www.demandforce.com/widget/css/images/js-cal-img/drop-up.html]
[www.demandforce.com/widget/css/images/js-cal-img/nav-left.html]
[www.demandforce.com/widget/css/images/js-cal-img/nav-right.html]
[www.demandforce.com/widget/css/images/js-cal-img/nav-left-x2.html]
[www.demandforce.com/widget/css/images/js-cal-img/nav-right-x2.html]
[www.demandforce.com/widget/css/images/js-cal-img/time-down.html]
[www.demandforce.com/widget/css/images/js-cal-img/time-up.html]
[acktemp.com/fonts/glyphicons-halflings-regular.ttf]
